// Vitest Snapshot v1, https://vitest.dev/guide/snapshot.html

exports[`<Main /> > should render the heading 1`] = `
<div>
  <h1
    class="text-4xl"
  >
    Hello
  </h1>
</div>
`;
