// Vitest Snapshot v1, https://vitest.dev/guide/snapshot.html

exports[`<Main /> > should render the heading 1`] = `
<div>
  <h1>
    Hello
  </h1>
</div>
`;
